\{"kind":"TrafficMetricsList","apiVersion":"metrics\.smi\-spec\.io\/v1alpha1","metadata":\{"selfLink":"\/apis\/metrics\.smi\-spec.io\/v1alpha1\/namespaces\/{{.Ns}}\/deployments\/linkerd\-destination\/edges"\},"resource":\{"kind":"Deployment","namespace":"{{.Ns}}","name":"linkerd\-destination"\},"items":\[\{"kind":"TrafficMetrics","apiVersion":"metrics\.smi\-spec\.io\/v1alpha1","metadata":{"name":"linkerd\-destination","namespace":"{{.Ns}}","selfLink":"\/apis\/metrics.smi-spec.io\/v1alpha1\/namespaces\/{{.Ns}}\/deployments\/linkerd-destination\/edges","creationTimestamp":"\d+-\d+-\d+T\d+:\d+:\d+Z"\},"timestamp":"\d+-\d+-\d+T\d+:\d+:\d+Z","window":"\d+s","resource":\{"kind":"Deployment","namespace":"{{.Ns}}","name":"linkerd\-destination"\},"edge":\{"direction":"from","resource":\{"kind":"Deployment","namespace":"{{.Ns}}","name":"linkerd-prometheus"\}\},"metrics":\[\{"name":"p99_response_latency","unit":"ms","value":"-?\d+m?"\},\{"name":"p90_response_latency","unit":"ms","value":"-?\d+m?"\},\{"name":"p50_response_latency","unit":"ms","value":"-?\d+m?"\},\{"name":"success_count","value":"-?\d+m?"\},\{"name":"failure_count","value":"-?\d+m?"\}\]\},\{"kind":"TrafficMetrics","apiVersion":"metrics\.smi\-spec\.io\/v1alpha1","metadata":\{"name":"linkerd\-destination","namespace":"{{.Ns}}","selfLink":"\/apis\/metrics\.smi\-spec\.io\/v1alpha1\/namespaces\/{{.Ns}}\/deployments\/linkerd\-destination\/edges","creationTimestamp":"\d+-\d+-\d+T\d+:\d+:\d+Z"\},"timestamp":"\d+-\d+-\d+T\d+:\d+:\d+Z","window":"\d+s","resource":\{"kind":"Deployment","namespace":"{{.Ns}}","name":"linkerd\-destination"\},"edge":\{"direction":"from","resource":\{"kind":"Deployment","namespace":"{{.Ns}}","name":"linkerd\-controller"\}\},"metrics":\[\{"name":"p99_response_latency","unit":"ms","value":"-?\d+m?"\},\{"name":"p90_response_latency","unit":"ms","value":"-?\d+m?"\},\{"name":"p50_response_latency","unit":"ms","value":"-?\d+m?"\},\{"name":"success_count","value":"-?\d+m?"\},\{"name":"failure_count","value":"-?\d+m?"\}\]\}\]\}